Analysis initiated from SIMULIA established products
Abaqus JOB Job-my_tpms
Abaqus 2024
Abaqus License Manager checked out the following licenses:
Abaqus/Standard checked out 5 tokens from Flexnet server du-lic-abaqusa.
<16 out of 50 licenses remain available>.
Begin Analysis Input File Processor
9/8/2026 4:52:26 PM
Run pre.exe
9/8/2026 4:52:35 PM
End Analysis Input File Processor
Begin Abaqus/Standard Analysis
9/8/2026 4:52:35 PM
Run standard.exe
9/8/2026 4:53:05 PM
End Abaqus/Standard Analysis
Begin SIM Wrap-up
9/8/2026 4:53:07 PM
Run SMASimUtility.exe
9/8/2026 4:53:07 PM
End SIM Wrap-up
Abaqus JOB Job-my_tpms COMPLETED
